50 91 119 138 154 155 191 211 213 240 273 285 315 316 352 470 511 523 527 564 606 628 669 670 680 700 737 737 787 795 818 875 884 921 991 1040 1040 1064 1075 1110 1122 1124 1181 1209 1211 1284 1342 1345 1360 1407 1415 1464 1510 1518 1546 1561 1570 1571 1580 1615 1640 1645 1652 1673 1674 1726 1740 1747 1760 1788 1826 1913 1920 1925 1994 2000 2028 2038 2047 2066 2082 2123 2175 2245 2256 2262 2266 2289 2294 2298 2306 2329 2347 2385 2535 2563 2658 2663 2669 2672 2709 2741 2747 2784 2827 2834 2868 2993 2994 3001 3030 3037 3158 3164 3181 3196 3209 3218 3221 3252 3253 3293 3319 3341 3376 3505 3564 3579 3667 3676 3705 3713 3729 3739 3807 3832 3837 3848 3860 3862 3888 3904 3919 3931 3938 3949 3975 3978 3982 3999