55 127 159 180 203 220 235 248 256 272 287 295 313 341 352 418 419 439 542 622 739 776 777 814 864 876 881 895 921 986 1078 1095 1095 1141 1190 1212 1229 1265 1380 1389 1416 1443 1478 1509 1514 1564 1569 1806 1885 1911 2059 2112 2115 2271 2314 2315 2321 2337 2356 2463 2595 2601 2619 2669 2744 2754 2795 2799 2818 2834 2835 2841 2911 2930 2944 2983 3086 3090 3131 3143 3188 3236 3290 3292 3296 3364 3382 3474 3495 3588 3687 3756 3831 3840 3848 3849 3872 3874 3905 3914