1048 1055 1087 1091 1103 1111 1114 1124 1137 1194 1200 1235 1286 1305 1327 1371 142 1436 1480 1487 1499 1521 1532 1538 1555 1563 1567 1571 1623 1638 1645 1665 1693 1703 1708 1739 1770 1788 1815 1827 1843 1893 1905 1941 1973 1977 1986 2019 2044 2063 2067 2075 2083 2088 2104 2105 2105 2111 2124 2130 2142 2148 2225 2263 2264 2268 2270 2302 2306 2308 2308 2315 2354 2380 2419 2423 2448 2466 2474 2498 2515 2548 2577 2598 2608 2609 2621 2623 2628 2631 2642 2656 2760 2767 2812 2817 2822 2829 283 2831 2873 2902 2909 2926 2933 2960 2996 3017 3035 3061 3066 3069 3085 3091 3091 3104 3115 3155 3157 3181 3185 3217 3246 3269 3274 328 3314 3316 3329 3371 338 3458 348 3492 3522 3600 3635 3660 3665 3666 3690 3698 3706 3763 3767 3780 3802 3807 3824 384 384 3844 3848 385 3860 3874 3893 3930 3938 3944 3998 464 481 502 504 52 527 529 537 554 558 566 568 58 583 587 6 604 614 617 627 635 647 669 696 707 783 795 799 865 873 890 908 910 915 915 924 949 962 983