42 69 71 115 131 257 294 373 428 543 596 617 631 633 638 647 751 775 790 792 804 881 919 953 989 1004 1017 1057 1119 1242 1391 1484 1493 1525 1556 1575 1611 1615 1655 1659 1798 1818 1869 1870 1968 1977 2055 2055 2066 2085 2087 2207 2259 2408 2522 2534 2618 2638 2697 2700 2767 2811 2811 2836 2958 3008 3045 3077 3078 3082 3095 3107 3120 3196 3224 3339 3359 3371 3382 3405 3481 3492 3518 3521 3599 3615 3616 3630 3672 3691 3723 3723 3751 3762 3765 3769 3851 3926 3974 3997