50 69 93 125 149 168 178 189 192 228 260 262 281 283 285 301 317 369 419 428 439 442 450 470 524 531 539 573 577 579 604 612 631 645 665 678 696 742 769 827 845 878 900 906 926 929 988 991 1009 1027 1071 1107 1151 1163 1192 1193 1211 1216 1219 1223 1234 1236 1243 1244 1248 1277 1289 1341 1381 1399 1460 1498 1509 1522 1527 1544 1548 1572 1592 1607 1650 1670 1674 1678 1706 1721 1770 1790 1804 1836 1838 1845 1865 1872 1900 1921 1924 1935 1941 1952 1978 1982 1994 2096 2099 2106 2157 2164 2263 2264 2274 2306 2308 2311 2320 2325 2329 2367 2370 2395 2410 2431 2472 2503 2522 2548 2558 2602 2606 2611 2626 2629 2638 2648 2685 2688 2725 2729 2753 2764 2787 2821 2832 2848 2850 2860 2872 2884 2914 2940 2959 2969 3020 3047 3053 3070 3081 3091 3141 3181 3188 3198 3221 3232 3236 3264 3275 3285 3324 3348 3363 3366 3367 3397 3398 3476 3477 3498 3529 3531 3531 3543 3577 3588 3589 3597 3601 3617 3687 3695 3711 3727 3740 3768 3768 3802 3869 3925 3958 3998