1024 1126 1148 1150 1162 1169 1190 1191 1264 1295 1336 1342 1344 1349 1383 1413 1455 1467 1468 1478 1560 1570 1628 1660 1709 1749 180 1815 1853 1891 1891 1912 1917 1939 1941 1963 1981 1982 1989 1998 2018 2027 205 2086 2113 2134 214 2145 2148 215 2203 2212 2214 2240 2263 2268 2309 2366 2367 2438 2439 2456 2472 2486 251 2518 2574 2577 2595 2612 2629 271 2764 2783 2784 2788 2883 2900 2937 2943 2974 3012 3024 3030 3070 309 3090 3289 331 3341 3375 3383 3390 3402 3406 3435 3499 35 3518 3574 3578 358 3586 3588 3631 3648 3733 3744 3827 3828 3852 3898 3914 3917 3921 3932 3947 3952 3971 398 402 408 411 425 434 439 459 466 466 487 497 499 53 574 649 666 673 715 738 745 761 788 801 810 815 827 849 882 909 988