1038 104 1054 1088 1182 121 1238 1265 1306 1385 1545 1623 1643 165 1667 1762 1812 1855 1857 1904 1926 205 2141 2365 2374 2380 2447 2554 2698 3041 3069 3164 3403 3498 3617 3621 3667 3701 3738 3777 3851 3880 3893 3936 3964 517 564 753 857 988