39 42 58 82 113 121 153 159 162 171 173 185 209 280 281 292 332 358 397 406 450 452 462 463 499 525 565 567 572 604 609 613 625 635 670 674 697 717 761 770 776 781 788 812 844 844 877 892 911 917 920 943 953 970 1006 1032 1047 1075 1080 1119 1138 1139 1160 1162 1171 1205 1224 1238 1242 1255 1293 1329 1353 1362 1383 1459 1488 1494 1525 1545 1578 1579 1580 1657 1657 1658 1665 1712 1717 1722 1722 1734 1742 1763 1771 1785 1799 1801 1804 1810 1825 1831 1832 1848 1920 1982 1993 2000 2002 2012 2038 2045 2084 2095 2149 2182 2185 2246 2248 2260 2267 2276 2322 2353 2375 2380 2386 2407 2407 2408 2431 2446 2495 2501 2507 2509 2571 2591 2596 2605 2607 2607 2643 2645 2669 2728 2739 2799 2802 2828 2857 2860 2864 2868 2882 2927 2957 2961 2988 3015 3050 3090 3107 3109 3147 3228 3242 3262 3272 3282 3287 3302 3338 3343 3345 3385 3400 3404 3426 3442 3458 3498 3504 3520 3551 3563 3601 3718 3735 3749 3754 3775 3811 3817 3823 3889 3891 3937 3964 3993