1030 1095 1103 111 1136 1181 119 125 1298 1366 1403 147 1548 1577 1603 1609 1627 1631 167 1705 1784 1806 1826 1884 1906 1937 1949 2049 2056 2153 2170 2190 2233 2240 2259 2273 2277 2283 2344 2357 2363 237 2432 2488 25 2519 2539 257 2673 2768 2777 2785 2818 2864 289 2893 297 302 3031 3095 3131 3186 3198 3251 3257 3328 3338 3345 339 3410 3411 346 3468 3579 3598 3616 3663 3670 3712 3764 38 3831 3946 3958 3963 454 459 503 507 631 734 773 818 850 854 859 871 890 913 92