130 210 288 352 570 606 664 666 676 691 808 906 987 1046 1056 1132 1192 1293 1705 1766 1771 1918 1918 1974 2027 2094 2291 2402 2544 2604 2667 2706 2770 2913 3176 3192 3207 3283 3299 3364 3366 3372 3430 3578 3597 3741 3798 3850 3931 3940